<!DOCTYPE html>
<html lang="en">
<head>
	<meta charset="UTF-8">
	<title>Document</title>
	<link rel="stylesheet" href="css/style.css">
</head>
<body>
	
<div id="wrapper">
	<header id="header">
		<div class="container clearfix">
			<div class="logo left"><a href="#"><img src="img/logo.png" alt=""></a></div>
			<ul class="menu right">
				<li class="menu__item"><a href="#" class="menu__link">Home</a></li>
				<li class="menu__item"><a href="#" class="menu__link">Services</a></li>
				<li class="menu__item"><a href="#" class="menu__link">Portfolio</a></li>
				<li class="menu__item"><a href="#" class="menu__link">About</a></li>
				<li class="menu__item"><a href="#" class="menu__link">Contact</a></li>
			</ul>
		</div>
	</header>
	<section id="home">
		<div class="container">
			<h3 class="home__title1">Welcome To Our Studio!</h3>
			<h1 class="home__title2">Itâ€™s nice to Meet you</h1>
			<butt class="home__btn">Tell Me More</butt>
		</div>
	</section>
	<section id="services" class="box">
		<div class="container">
			<h2 class="services__title">Services</h2>
			<p class="services__descr">Proin iaculis purus consequat sem cure. </p>
			<div class="services-wrap clearfix">
				<div class="services__item left commerce">
					<h3 class="item__title">E-Commerce</h3>
					<p class="item__text">Proin iaculis purus consequat sem cure digni ssim. Donec porttitora entum suscipit</p>
				</div>
				<div class="services__item left responsive">
					<h3 class="item__title">Responsive Web</h3>
					<p class="item__text">Proin iaculis purus consequat sem cure digni ssim. Donec porttitora entum suscipit</p>
				</div>
				<div class="services__item left security">
					<h3 class="item__title">Web Security</h3>
					<p class="item__text">Proin iaculis purus consequat sem cure digni ssim. Donec porttitora entum suscipit</p>
				</div>
			</div>
		</div>
	</section>
	<section id="portfolio" class="box">
		<div class="container clearfix">
		<h2 class="services__title">our Portfolio</h2>
			<p class="services__descr">Proin iaculis purus consequat sem cure. </p>
			<div class="portfolio-wrap clearfix">
				<div class="portfolio__item left">
					<a href=""><img src="img/Image.jpg" alt=""></a>
					<div class="portfolio__footer">
						<h5 class="portfolio__title">Ebony & Ivory</h5>
						<span class="portfolio__subtitle">Branding</span>
					</div>
				</div>
				<div class="portfolio__item left">
					<a href=""><img src="img/Image1.jpg" alt=""></a>
					<div class="portfolio__footer">
						<h5 class="portfolio__title">Ebony & Ivory</h5>
						<span class="portfolio__subtitle">Branding</span>
					</div>
				</div>
				<div class="portfolio__item left">
					<a href=""><img src="img/Image2.jpg" alt=""></a>
					<div class="portfolio__footer">
						<h5 class="portfolio__title">Ebony & Ivory</h5>
						<span class="portfolio__subtitle">Branding</span>
					</div>
				</div>
				<div class="portfolio__item left">
					<a href=""><img src="img/Image3.jpg" alt=""></a>
					<div class="portfolio__footer">
						<h5 class="portfolio__title">Ebony & Ivory</h5>
						<span class="portfolio__subtitle">Branding</span>
					</div>
				</div>
				<div class="portfolio__item left">
					<a href=""><img src="img/Image4.jpg" alt=""></a>
					<div class="portfolio__footer">
						<h5 class="portfolio__title">Ebony & Ivory</h5>
						<span class="portfolio__subtitle">Branding</span>
					</div>
				</div>
				<div class="portfolio__item left">
					<a href=""><img src="img/Image5.jpg" alt=""></a>
					<div class="portfolio__footer">
						<h5 class="portfolio__title">Ebony & Ivory</h5>
						<span class="portfolio__subtitle">Branding</span>
					</div>
				</div>
			</div>
		</div>
	</section>
	<section id="about" class="box">
		<div class="container">
			<h1 class="about__title">about us</h1>
			<p class="about__subtitle">Proin iaculis purus consequat sem cure.</p>
			<div class="about-wrap">
				<div class="about__item clearfix">
					<div class="text left">
						<h5 class="text__title text-right">
							July 2010 <span class="text__sub">Our Humble Beginnings</span>
						</h5>
						<p class="text__article text-right">Proin iaculis purus consequat sem cure digni ssim. Donec porttitora entum suscipit aenean rhoncus posuere odio in tincidunt. Proin iaculis purus consequat sem cure digni ssim. Donec porttitora entum suscipit</p>
					</div>
					<div class="img left">
						<img src="img/Image7.png" alt="">
					</div>
				</div>
				<div class="about__item clearfix">
					<div class="text right">
						<h5 class="text__title text-left">
							July 2010 <span class="text__sub">Our Humble Beginnings</span>
						</h5>
						<p class="text__article text-left">Proin iaculis purus consequat sem cure digni ssim. Donec porttitora entum suscipit aenean rhoncus posuere odio in tincidunt. Proin iaculis purus consequat sem cure digni ssim. Donec porttitora entum suscipit</p>
					</div>
					<div class="img right">
						<img src="img/Image8.png" alt="">
					</div>
				</div>
				<div class="about__item clearfix">
					<div class="text left">
						<h5 class="text__title text-right">
							July 2010 <span class="text__sub">Our Humble Beginnings</span>
						</h5>
						<p class="text__article text-right">Proin iaculis purus consequat sem cure digni ssim. Donec porttitora entum suscipit aenean rhoncus posuere odio in tincidunt. Proin iaculis purus consequat sem cure digni ssim. Donec porttitora entum suscipit</p>
					</div>
					<div class="img left">
						<img src="img/Image9.png" alt="">
					</div>
				</div>
				<div class="about__item clearfix">
					<div class="text right">
						<h5 class="text__title text-left">
							July 2010 <span class="text__sub">Our Humble Beginnings</span>
						</h5>
						<p class="text__article text-left">Proin iaculis purus consequat sem cure digni ssim. Donec porttitora entum suscipit aenean rhoncus posuere odio in tincidunt. Proin iaculis purus consequat sem cure digni ssim. Donec porttitora entum suscipit</p>
					</div>
					<div class="img right">
						<img src="img/Image10.png" alt="">
					</div>
				</div>
				<a href="#" class="about__link">Our<span class="about__block">Story</span>
					<span class="about__block">Continues</span><span class="about__block">...</span>
				</a>
				
			</div>
		</div>	

	</section>
	<section id="team" class="box">
		<div class="container">
			<h2 class="services__title">our amazing team</h2>
			<p class="services__descr">Proin iaculis purus consequat sem cure. </p>
			<div class="team-wrap clearfix">
				<div class="team__item left">
					<div class="photo">
						<img src="" alt="" class="photo__img">
					</div>
					<p class="team__names">Kimberly Thompson</p>
					<span class="team__position">Marketer</span>
					<div class="social">
						<a href="#" class="tviter"></a>
						<a href="#" class="face"></a>
						<a href="#" class="pinterest"></a>
					</div>
				</div>
				<div class="team__item left">
					<div class="photo">
						<img src="" alt="" class="photo__img">
					</div>
					<p class="team__names">Rico Massimo</p>
					<span class="team__position">Coder</span>
					<div class="social social--center">
						<a href="#" class="tviter"></a>
						<a href="#" class="face"></a>
						<a href="#" class="google"></a>
					</div>
				</div>
				<div class="team__item left">
					<div class="photo">
						<img src="" alt="" class="photo__img">
					</div>
					<p class="team__names">Uku Mason</p>
					<span class="team__position">Graphic Designer</span>
					<div class=" social social--right">
						<a href="#" class="face"></a>
						<a href="#" class="pinterest"></a>
					</div>
				</div>
			</div>
			<p class="services__descr mod">Proin iaculis purus consequat sem cure digni ssim donec porttitora entum suscipit <span class="block">aenean rhoncus posuere odio in tincidunt proin iaculis.</span>
			</p>
		</div>
	</section>
	<section class="logo">
		<div class="container">
			<img src="img/Envato.jpg" alt="">
		</div>
	</section>
	<section id="contacts" class="box">
		<div class="container">
			<h2 class="services__title">contact us</h2>
			<p class="services__descr">Proin iaculis purus consequat sem cure. </p>
			<form action="" class="clearfix">
				<span class="info">
				<input type="text" name="name" id="" placeholder="Your Name *">
				<input type="text" name="email" id="" placeholder="Your E-mail *">
				<input type="text" name="subject" id="" placeholder="Subject">
				</span>
				<span class="block">
				<textarea name="" id="" cols="30" rows="10"></textarea>
				</span>
			</form>
			<a href="#" class="contacts__btn">Send Message</a>
		</div>
	</section>
	<footer id="footer">
		<div class="container clearfix">
			<p class="copyright left">&copy; Copyright 2014 FreebiesXpress.com</p>
			<div class="social social--footer">
						<a href="#" class="tviter"></a>
						<a href="#" class="face"></a>
						<a href="#" class="pinterest"></a>
						<a href="#" class="google"></a>
			</div>
		</div>
	</footer>
</div>

</body>
</html>